2026-07-02 16:10:25.715  INFO 19740 --- [restartedMain] c.t.w.a.t.TransactionServiceApplication  : Starting TransactionServiceApplication using Java 11.0.18 on BHARATHI with PID 19740 (D:\GIT\Production\root\Walkaroo\WK_PROD\OutboundTransactionService\build\classes\java\main started by IMAGE COMPUTERS in D:\GIT\Production\root\Walkaroo\WK_PROD\OutboundTransactionService)
2026-07-02 16:10:25.727  INFO 19740 --- [restartedMain] c.t.w.a.t.TransactionServiceApplication  : No active profile set, falling back to default profiles: default
2026-07-02 16:10:25.877  INFO 19740 --- [restartedMain] .e.DevToolsPropertyDefaultsPostProcessor : Devtools property defaults active! Set 'spring.devtools.add-properties' to 'false' to disable
2026-07-02 16:10:25.879  INFO 19740 --- [restartedMain] .e.DevToolsPropertyDefaultsPostProcessor : For additional web related logging consider setting the 'logging.level.web' property to 'DEBUG'
2026-07-02 16:10:30.030  INFO 19740 --- [restartedMain] .s.d.r.c.RepositoryConfigurationDelegate : Bootstrapping Spring Data JPA repositories in DEFAULT mode.
2026-07-02 16:10:31.471  INFO 19740 --- [restartedMain] .s.d.r.c.RepositoryConfigurationDelegate : Finished Spring Data repository scanning in 1419 ms. Found 112 JPA repository interfaces.
2026-07-02 16:10:34.768  INFO 19740 --- [restartedMain] trationDelegate$BeanPostProcessorChecker : Bean 'org.springframework.retry.annotation.RetryConfiguration' of type [org.springframework.retry.annotation.RetryConfiguration] is not eligible for getting processed by all BeanPostProcessors (for example: not eligible for auto-proxying)
2026-07-02 16:10:34.962  INFO 19740 --- [restartedMain] trationDelegate$BeanPostProcessorChecker : Bean 'org.springframework.security.access.expression.method.DefaultMethodSecurityExpressionHandler@6604688d' of type [org.springframework.security.access.expression.method.DefaultMethodSecurityExpressionHandler] is not eligible for getting processed by all BeanPostProcessors (for example: not eligible for auto-proxying)
2026-07-02 16:10:34.975  INFO 19740 --- [restartedMain] trationDelegate$BeanPostProcessorChecker : Bean 'methodSecurityMetadataSource' of type [org.springframework.security.access.method.DelegatingMethodSecurityMetadataSource] is not eligible for getting processed by all BeanPostProcessors (for example: not eligible for auto-proxying)
2026-07-02 16:10:37.190  INFO 19740 --- [restartedMain] o.s.b.w.embedded.tomcat.TomcatWebServer  : Tomcat initialized with port(s): 8787 (http)
2026-07-02 16:10:37.220  INFO 19740 --- [restartedMain] o.apache.catalina.core.StandardService   : Starting service [Tomcat]
2026-07-02 16:10:37.220  INFO 19740 --- [restartedMain] org.apache.catalina.core.StandardEngine  : Starting Servlet engine: [Apache Tomcat/9.0.39]
2026-07-02 16:10:37.433  INFO 19740 --- [restartedMain] wms/api/wms-outboundtransaction-service] : Initializing Spring embedded WebApplicationContext
2026-07-02 16:10:37.433  INFO 19740 --- [restartedMain] w.s.c.ServletWebServerApplicationContext : Root WebApplicationContext: initialization completed in 11552 ms
2026-07-02 16:10:38.119  INFO 19740 --- [restartedMain] com.zaxxer.hikari.HikariDataSource       : HIKARI-WK - Starting...
2026-07-02 16:10:38.890  INFO 19740 --- [restartedMain] com.zaxxer.hikari.HikariDataSource       : HIKARI-WK - Start completed.
2026-07-02 16:10:38.891  INFO 19740 --- [restartedMain] com.zaxxer.hikari.HikariDataSource       : HIKARI-MDU - Starting...
2026-07-02 16:10:39.081  INFO 19740 --- [restartedMain] com.zaxxer.hikari.HikariDataSource       : HIKARI-MDU - Start completed.
2026-07-02 16:10:39.082  INFO 19740 --- [restartedMain] com.zaxxer.hikari.HikariDataSource       : HIKARI-CMP - Starting...
2026-07-02 16:10:39.239  INFO 19740 --- [restartedMain] com.zaxxer.hikari.HikariDataSource       : HIKARI-CMP - Start completed.
2026-07-02 16:10:39.240  INFO 19740 --- [restartedMain] com.zaxxer.hikari.HikariDataSource       : HIKARI-CHN - Starting...
2026-07-02 16:10:39.395  INFO 19740 --- [restartedMain] com.zaxxer.hikari.HikariDataSource       : HIKARI-CHN - Start completed.
2026-07-02 16:10:39.396  INFO 19740 --- [restartedMain] com.zaxxer.hikari.HikariDataSource       : HIKARI-VGA - Starting...
2026-07-02 16:10:39.561  INFO 19740 --- [restartedMain] com.zaxxer.hikari.HikariDataSource       : HIKARI-VGA - Start completed.
2026-07-02 16:10:39.562  INFO 19740 --- [restartedMain] com.zaxxer.hikari.HikariDataSource       : HIKARI-CCL - Starting...
2026-07-02 16:10:39.723  INFO 19740 --- [restartedMain] com.zaxxer.hikari.HikariDataSource       : HIKARI-CCL - Start completed.
2026-07-02 16:10:39.724  INFO 19740 --- [restartedMain] com.zaxxer.hikari.HikariDataSource       : HIKARI-HYD - Starting...
2026-07-02 16:10:39.878  INFO 19740 --- [restartedMain] com.zaxxer.hikari.HikariDataSource       : HIKARI-HYD - Start completed.
2026-07-02 16:10:39.880  INFO 19740 --- [restartedMain] com.zaxxer.hikari.HikariDataSource       : HIKARI-AHM - Starting...
2026-07-02 16:10:40.033  INFO 19740 --- [restartedMain] com.zaxxer.hikari.HikariDataSource       : HIKARI-AHM - Start completed.
2026-07-02 16:10:40.035  INFO 19740 --- [restartedMain] com.zaxxer.hikari.HikariDataSource       : HIKARI-MUB - Starting...
2026-07-02 16:10:40.195  INFO 19740 --- [restartedMain] com.zaxxer.hikari.HikariDataSource       : HIKARI-MUB - Start completed.
2026-07-02 16:10:40.197  INFO 19740 --- [restartedMain] com.zaxxer.hikari.HikariDataSource       : HIKARI-NGP1 - Starting...
2026-07-02 16:10:40.355  INFO 19740 --- [restartedMain] com.zaxxer.hikari.HikariDataSource       : HIKARI-NGP1 - Start completed.
2026-07-02 16:10:40.356  INFO 19740 --- [restartedMain] com.zaxxer.hikari.HikariDataSource       : HIKARI-NGP2 - Starting...
2026-07-02 16:10:40.600  INFO 19740 --- [restartedMain] com.zaxxer.hikari.HikariDataSource       : HIKARI-NGP2 - Start completed.
2026-07-02 16:10:40.857  INFO 19740 --- [restartedMain] o.hibernate.jpa.internal.util.LogHelper  : HHH000204: Processing PersistenceUnitInfo [name: default]
2026-07-02 16:10:41.108  INFO 19740 --- [restartedMain] org.hibernate.Version                    : HHH000412: Hibernate ORM core version 5.4.23.Final
2026-07-02 16:10:41.506  INFO 19740 --- [restartedMain] o.hibernate.annotations.common.Version   : HCANN000001: Hibernate Commons Annotations {5.1.2.Final}
2026-07-02 16:10:43.152  INFO 19740 --- [restartedMain] c.t.w.a.t.c.d.DynamicDataSource          : Routing to database: null
2026-07-02 16:10:43.229  INFO 19740 --- [restartedMain] org.hibernate.dialect.Dialect            : HHH000400: Using dialect: org.hibernate.dialect.SQLServer2012Dialect
2026-07-02 16:10:50.227  INFO 19740 --- [restartedMain] o.h.e.t.j.p.i.JtaPlatformInitiator       : HHH000490: Using JtaPlatform implementation: [org.hibernate.engine.transaction.jta.platform.internal.NoJtaPlatform]
2026-07-02 16:10:50.246  INFO 19740 --- [restartedMain] j.LocalContainerEntityManagerFactoryBean : Initialized JPA EntityManagerFactory for persistence unit 'default'
2026-07-02 16:10:50.291  INFO 19740 --- [restartedMain] o.s.b.d.a.OptionalLiveReloadServer       : LiveReload server is running on port 35729
2026-07-02 16:10:50.422  WARN 19740 --- [restartedMain] JpaBaseConfiguration$JpaWebConfiguration : spring.jpa.open-in-view is enabled by default. Therefore, database queries may be performed during view rendering. Explicitly configure spring.jpa.open-in-view to disable this warning
2026-07-02 16:11:16.756  WARN 19740 --- [restartedMain] o.s.s.o.p.t.s.JwtAccessTokenConverter    : Unable to create an RSA verifier from verifierKey (ignoreable if using MAC)
2026-07-02 16:11:18.076  INFO 19740 --- [restartedMain] o.s.b.a.e.web.EndpointLinksResolver      : Exposing 16 endpoint(s) beneath base path '/actuator'
2026-07-02 16:11:18.439  INFO 19740 --- [restartedMain] o.s.s.concurrent.ThreadPoolTaskExecutor  : Initializing ExecutorService
2026-07-02 16:11:18.459  INFO 19740 --- [restartedMain] o.s.s.concurrent.ThreadPoolTaskExecutor  : Initializing ExecutorService 'asyncExecutor'
2026-07-02 16:11:18.467  INFO 19740 --- [restartedMain] o.s.s.concurrent.ThreadPoolTaskExecutor  : Initializing ExecutorService
2026-07-02 16:11:18.468  INFO 19740 --- [restartedMain] o.s.s.concurrent.ThreadPoolTaskExecutor  : Initializing ExecutorService 'asyncExecutorPickup'
2026-07-02 16:11:18.566  INFO 19740 --- [restartedMain] pertySourcedRequestMappingHandlerMapping : Mapped URL path [/v2/api-docs] onto method [springfox.documentation.swagger2.web.Swagger2Controller#getDocumentation(String, HttpServletRequest)]
2026-07-02 16:11:20.245  INFO 19740 --- [restartedMain] o.s.s.web.DefaultSecurityFilterChain     : Will secure Ant [pattern='/**/actuator/**'] with []
2026-07-02 16:11:20.245  INFO 19740 --- [restartedMain] o.s.s.web.DefaultSecurityFilterChain     : Will secure Ant [pattern='/actuator/**'] with []
2026-07-02 16:11:20.247  INFO 19740 --- [restartedMain] o.s.s.web.DefaultSecurityFilterChain     : Will secure Ant [pattern='/v2/api-docs'] with []
2026-07-02 16:11:20.247  INFO 19740 --- [restartedMain] o.s.s.web.DefaultSecurityFilterChain     : Will secure Ant [pattern='/swagger-resources/**'] with []
2026-07-02 16:11:20.248  INFO 19740 --- [restartedMain] o.s.s.web.DefaultSecurityFilterChain     : Will secure Ant [pattern='/swagger-ui.html'] with []
2026-07-02 16:11:20.248  INFO 19740 --- [restartedMain] o.s.s.web.DefaultSecurityFilterChain     : Will secure Ant [pattern='/webjars/**'] with []
2026-07-02 16:11:20.413  INFO 19740 --- [restartedMain] o.s.s.web.DefaultSecurityFilterChain     : Will secure Or [Ant [pattern='/oauth/token'], Ant [pattern='/oauth/token_key'], Ant [pattern='/oauth/check_token']] with [org.springframework.security.web.context.request.async.WebAsyncManagerIntegrationFilter@79371b8e, org.springframework.security.web.context.SecurityContextPersistenceFilter@6e23507b, org.springframework.security.web.header.HeaderWriterFilter@5b79a6ed, org.springframework.security.web.authentication.logout.LogoutFilter@3e359dd9, org.springframework.security.web.authentication.www.BasicAuthenticationFilter@6212c70a, org.springframework.security.web.savedrequest.RequestCacheAwareFilter@794a5300, org.springframework.security.web.servletapi.SecurityContextHolderAwareRequestFilter@2eda0981, org.springframework.security.web.authentication.AnonymousAuthenticationFilter@22d5e57b, org.springframework.security.web.session.SessionManagementFilter@24e1725c, org.springframework.security.web.access.ExceptionTranslationFilter@601583a4, org.springframework.security.web.access.intercept.FilterSecurityInterceptor@54541920]
2026-07-02 16:11:20.462  INFO 19740 --- [restartedMain] o.s.s.web.DefaultSecurityFilterChain     : Will secure org.springframework.security.oauth2.config.annotation.web.configuration.ResourceServerConfiguration$NotOAuthRequestMatcher@54881868 with [org.springframework.security.web.context.request.async.WebAsyncManagerIntegrationFilter@3c44b4ff, org.springframework.security.web.context.SecurityContextPersistenceFilter@4a789bfc, org.springframework.security.web.header.HeaderWriterFilter@5427e5f4, org.springframework.security.web.authentication.logout.LogoutFilter@32394561, org.springframework.security.oauth2.provider.authentication.OAuth2AuthenticationProcessingFilter@6c8ec641, org.springframework.security.web.savedrequest.RequestCacheAwareFilter@470bb786, org.springframework.security.web.servletapi.SecurityContextHolderAwareRequestFilter@2c68e2d6, org.springframework.security.web.authentication.AnonymousAuthenticationFilter@7dfe6d6f, org.springframework.security.web.session.SessionManagementFilter@1b61612e, org.springframework.security.web.access.ExceptionTranslationFilter@a1abee, org.springframework.security.web.access.intercept.FilterSecurityInterceptor@6a456bd8]
2026-07-02 16:11:20.472  INFO 19740 --- [restartedMain] o.s.s.web.DefaultSecurityFilterChain     : Will secure any request with [org.springframework.security.web.context.request.async.WebAsyncManagerIntegrationFilter@7ff9e50c, org.springframework.security.web.context.SecurityContextPersistenceFilter@1adfa050, org.springframework.security.web.header.HeaderWriterFilter@1f75fe3, org.springframework.security.web.authentication.logout.LogoutFilter@741f9181, org.springframework.security.web.savedrequest.RequestCacheAwareFilter@601da66c, org.springframework.security.web.servletapi.SecurityContextHolderAwareRequestFilter@5baee5cb, org.springframework.security.web.authentication.AnonymousAuthenticationFilter@2891d807, org.springframework.security.web.session.SessionManagementFilter@285c03f8, org.springframework.security.web.access.ExceptionTranslationFilter@69d27d4a, org.springframework.security.web.access.intercept.FilterSecurityInterceptor@65e24f3f]
2026-07-02 16:11:21.404  INFO 19740 --- [restartedMain] c.t.w.a.t.c.d.DynamicDataSource          : Routing to database: WK
2026-07-02 16:11:21.405  INFO 19740 --- [restartedMain] c.t.w.a.t.c.d.DynamicDataSource          : Routing to database: WK
2026-07-02 16:11:21.434  INFO 19740 --- [restartedMain] c.t.w.a.t.c.d.DynamicDataSource          : Routing to database: WK
2026-07-02 16:11:21.442  INFO 19740 --- [restartedMain] c.t.w.a.t.c.d.DynamicDataSource          : Routing to database: WK
2026-07-02 16:11:21.619  INFO 19740 --- [restartedMain] o.s.s.c.ThreadPoolTaskScheduler          : Initializing ExecutorService 'taskScheduler'
2026-07-02 16:11:22.523  INFO 19740 --- [restartedMain] o.s.b.w.embedded.tomcat.TomcatWebServer  : Tomcat started on port(s): 8787 (http) with context path '/classicwms/api/wms-outboundtransaction-service'
2026-07-02 16:11:22.529  INFO 19740 --- [restartedMain] d.s.w.p.DocumentationPluginsBootstrapper : Context refreshed
2026-07-02 16:11:22.606  INFO 19740 --- [restartedMain] d.s.w.p.DocumentationPluginsBootstrapper : Found 1 custom documentation plugin(s)
2026-07-02 16:11:23.691  INFO 19740 --- [restartedMain] s.d.s.w.s.ApiListingReferenceScanner     : Scanning for api listing references
2026-07-02 16:11:24.695  INFO 19740 --- [restartedMain] .d.s.w.r.o.CachingOperationNameGenerator : Generating unique operation named: getAllUsingGET_1
2026-07-02 16:11:24.724  INFO 19740 --- [restartedMain] .d.s.w.r.o.CachingOperationNameGenerator : Generating unique operation named: getContainerReceiptV2UsingGET_1
2026-07-02 16:11:24.958  INFO 19740 --- [restartedMain] .d.s.w.r.o.CachingOperationNameGenerator : Generating unique operation named: getAllUsingGET_2
2026-07-02 16:11:25.119  INFO 19740 --- [restartedMain] .d.s.w.r.o.CachingOperationNameGenerator : Generating unique operation named: getAllUsingGET_3
2026-07-02 16:11:25.309  INFO 19740 --- [restartedMain] .d.s.w.r.o.CachingOperationNameGenerator : Generating unique operation named: getAllUsingGET_4
2026-07-02 16:11:25.571  INFO 19740 --- [restartedMain] .d.s.w.r.o.CachingOperationNameGenerator : Generating unique operation named: getAllUsingGET_5
2026-07-02 16:11:25.586  INFO 19740 --- [restartedMain] .d.s.w.r.o.CachingOperationNameGenerator : Generating unique operation named: getGrLineUsingGET_1
2026-07-02 16:11:25.595  INFO 19740 --- [restartedMain] .d.s.w.r.o.CachingOperationNameGenerator : Generating unique operation named: getGrLineV2UsingGET_1
2026-07-02 16:11:25.917  INFO 19740 --- [restartedMain] .d.s.w.r.o.CachingOperationNameGenerator : Generating unique operation named: getAllUsingGET_6
2026-07-02 16:11:27.377  INFO 19740 --- [restartedMain] .d.s.w.r.o.CachingOperationNameGenerator : Generating unique operation named: getAllUsingGET_7
2026-07-02 16:11:27.538  INFO 19740 --- [restartedMain] .d.s.w.r.o.CachingOperationNameGenerator : Generating unique operation named: postInboundLineUsingPOST_1
2026-07-02 16:11:27.548  INFO 19740 --- [restartedMain] .d.s.w.r.o.CachingOperationNameGenerator : Generating unique operation named: postInboundLineV2UsingPOST_1
2026-07-02 16:11:27.603  INFO 19740 --- [restartedMain] .d.s.w.r.o.CachingOperationNameGenerator : Generating unique operation named: getAllUsingGET_8
2026-07-02 16:11:27.898  INFO 19740 --- [restartedMain] .d.s.w.r.o.CachingOperationNameGenerator : Generating unique operation named: getAllUsingGET_9
2026-07-02 16:11:28.032  INFO 19740 --- [restartedMain] .d.s.w.r.o.CachingOperationNameGenerator : Generating unique operation named: findInventoryUsingPOST_1
2026-07-02 16:11:28.114  INFO 19740 --- [restartedMain] .d.s.w.r.o.CachingOperationNameGenerator : Generating unique operation named: getAllUsingGET_10
2026-07-02 16:11:28.136  INFO 19740 --- [restartedMain] .d.s.w.r.o.CachingOperationNameGenerator : Generating unique operation named: getInventoryUsingGET_1
2026-07-02 16:11:28.272  INFO 19740 --- [restartedMain] .d.s.w.r.o.CachingOperationNameGenerator : Generating unique operation named: getAllUsingGET_11
2026-07-02 16:11:28.427  INFO 19740 --- [restartedMain] .d.s.w.r.o.CachingOperationNameGenerator : Generating unique operation named: getAllUsingGET_12
2026-07-02 16:11:28.567  INFO 19740 --- [restartedMain] .d.s.w.r.o.CachingOperationNameGenerator : Generating unique operation named: getAllUsingGET_13
2026-07-02 16:11:28.614  INFO 19740 --- [restartedMain] .d.s.w.r.o.CachingOperationNameGenerator : Generating unique operation named: deleteGrHeaderUsingDELETE_1
2026-07-02 16:11:28.992  INFO 19740 --- [restartedMain] .d.s.w.r.o.CachingOperationNameGenerator : Generating unique operation named: getAllUsingGET_14
2026-07-02 16:11:29.245  INFO 19740 --- [restartedMain] .d.s.w.r.o.CachingOperationNameGenerator : Generating unique operation named: postOrdersUsingPOST_1
2026-07-02 16:11:29.291  INFO 19740 --- [restartedMain] .d.s.w.r.o.CachingOperationNameGenerator : Generating unique operation named: getAllUsingGET_15
2026-07-02 16:11:29.769  INFO 19740 --- [restartedMain] .d.s.w.r.o.CachingOperationNameGenerator : Generating unique operation named: allocateOrderManagementLineV2UsingPATCH_1
2026-07-02 16:11:29.819  INFO 19740 --- [restartedMain] .d.s.w.r.o.CachingOperationNameGenerator : Generating unique operation named: getAllUsingGET_16
2026-07-02 16:11:30.074  INFO 19740 --- [restartedMain] .d.s.w.r.o.CachingOperationNameGenerator : Generating unique operation named: unallocateOrderManagementLineV2UsingPATCH_1
2026-07-02 16:11:30.120  INFO 19740 --- [restartedMain] .d.s.w.r.o.CachingOperationNameGenerator : Generating unique operation named: deleteOutboundHeaderUsingDELETE_1
2026-07-02 16:11:30.331  INFO 19740 --- [restartedMain] .d.s.w.r.o.CachingOperationNameGenerator : Generating unique operation named: getAllUsingGET_17
2026-07-02 16:11:31.184  INFO 19740 --- [restartedMain] .d.s.w.r.o.CachingOperationNameGenerator : Generating unique operation named: deleteOutboundLineUsingDELETE_1
2026-07-02 16:11:31.463  INFO 19740 --- [restartedMain] .d.s.w.r.o.CachingOperationNameGenerator : Generating unique operation named: getAllUsingGET_18
2026-07-02 16:11:31.834  INFO 19740 --- [restartedMain] .d.s.w.r.o.CachingOperationNameGenerator : Generating unique operation named: getAllUsingGET_19
2026-07-02 16:11:32.108  INFO 19740 --- [restartedMain] .d.s.w.r.o.CachingOperationNameGenerator : Generating unique operation named: deletePeriodicHeaderUsingDELETE_1
2026-07-02 16:11:32.111  INFO 19740 --- [restartedMain] .d.s.w.r.o.CachingOperationNameGenerator : Generating unique operation named: findInventoryUsingPOST_2
2026-07-02 16:11:32.265  INFO 19740 --- [restartedMain] .d.s.w.r.o.CachingOperationNameGenerator : Generating unique operation named: findPeriodicHeaderUsingPOST_1
2026-07-02 16:11:32.468  INFO 19740 --- [restartedMain] .d.s.w.r.o.CachingOperationNameGenerator : Generating unique operation named: getAllUsingGET_20
2026-07-02 16:11:32.745  INFO 19740 --- [restartedMain] .d.s.w.r.o.CachingOperationNameGenerator : Generating unique operation named: patchPeriodicHeaderUsingPATCH_1
2026-07-02 16:11:33.914  INFO 19740 --- [restartedMain] .d.s.w.r.o.CachingOperationNameGenerator : Generating unique operation named: getAllUsingGET_21
2026-07-02 16:11:33.917  INFO 19740 --- [restartedMain] .d.s.w.r.o.CachingOperationNameGenerator : Generating unique operation named: getAllPerpetualHeaderV2UsingGET_1
2026-07-02 16:11:34.626  INFO 19740 --- [restartedMain] .d.s.w.r.o.CachingOperationNameGenerator : Generating unique operation named: patchAssingHHTUserUsingPATCH_1
2026-07-02 16:11:34.631  INFO 19740 --- [restartedMain] .d.s.w.r.o.CachingOperationNameGenerator : Generating unique operation named: patchAssingHHTUserV2UsingPATCH_1
2026-07-02 16:11:34.787  INFO 19740 --- [restartedMain] .d.s.w.r.o.CachingOperationNameGenerator : Generating unique operation named: getAllUsingGET_22
2026-07-02 16:11:34.850  INFO 19740 --- [restartedMain] .d.s.w.r.o.CachingOperationNameGenerator : Generating unique operation named: patchAssignedPickerIdInPickupHeaderV2UsingPATCH_1
2026-07-02 16:11:34.979  INFO 19740 --- [restartedMain] .d.s.w.r.o.CachingOperationNameGenerator : Generating unique operation named: getAllUsingGET_23
2026-07-02 16:11:35.121  INFO 19740 --- [restartedMain] .d.s.w.r.o.CachingOperationNameGenerator : Generating unique operation named: getAllUsingGET_24
2026-07-02 16:11:35.124  INFO 19740 --- [restartedMain] .d.s.w.r.o.CachingOperationNameGenerator : Generating unique operation named: getPreInboundHeaderUsingGET_1
2026-07-02 16:11:35.127  INFO 19740 --- [restartedMain] .d.s.w.r.o.CachingOperationNameGenerator : Generating unique operation named: getPreInboundHeaderUsingGET_2
2026-07-02 16:11:35.171  INFO 19740 --- [restartedMain] .d.s.w.r.o.CachingOperationNameGenerator : Generating unique operation named: getPreInboundHeaderV2UsingGET_1
2026-07-02 16:11:35.528  INFO 19740 --- [restartedMain] .d.s.w.r.o.CachingOperationNameGenerator : Generating unique operation named: getAllUsingGET_25
2026-07-02 16:11:35.548  INFO 19740 --- [restartedMain] .d.s.w.r.o.CachingOperationNameGenerator : Generating unique operation named: getPreInboundLineV2UsingGET_1
2026-07-02 16:11:35.649  INFO 19740 --- [restartedMain] .d.s.w.r.o.CachingOperationNameGenerator : Generating unique operation named: getAllUsingGET_26
2026-07-02 16:11:35.748  INFO 19740 --- [restartedMain] .d.s.w.r.o.CachingOperationNameGenerator : Generating unique operation named: getAllUsingGET_27
2026-07-02 16:11:35.864  INFO 19740 --- [restartedMain] .d.s.w.r.o.CachingOperationNameGenerator : Generating unique operation named: getAllUsingGET_28
2026-07-02 16:11:35.895  INFO 19740 --- [restartedMain] .d.s.w.r.o.CachingOperationNameGenerator : Generating unique operation named: getAllUsingGET_29
2026-07-02 16:11:36.142  INFO 19740 --- [restartedMain] .d.s.w.r.o.CachingOperationNameGenerator : Generating unique operation named: getAllUsingGET_30
2026-07-02 16:11:36.151  INFO 19740 --- [restartedMain] .d.s.w.r.o.CachingOperationNameGenerator : Generating unique operation named: getPutAwayHeaderUsingGET_1
2026-07-02 16:11:36.166  INFO 19740 --- [restartedMain] .d.s.w.r.o.CachingOperationNameGenerator : Generating unique operation named: getPutAwayHeaderV2UsingGET_1
2026-07-02 16:11:36.197  INFO 19740 --- [restartedMain] .d.s.w.r.o.CachingOperationNameGenerator : Generating unique operation named: patchPutAwayHeaderUsingPATCH_1
2026-07-02 16:11:36.295  INFO 19740 --- [restartedMain] .d.s.w.r.o.CachingOperationNameGenerator : Generating unique operation named: patchPutAwayHeaderV2UsingPATCH_1
2026-07-02 16:11:36.502  INFO 19740 --- [restartedMain] .d.s.w.r.o.CachingOperationNameGenerator : Generating unique operation named: getAllUsingGET_31
2026-07-02 16:11:36.513  INFO 19740 --- [restartedMain] .d.s.w.r.o.CachingOperationNameGenerator : Generating unique operation named: getPutAwayLineForInboundLineUsingGET_1
2026-07-02 16:11:36.522  INFO 19740 --- [restartedMain] .d.s.w.r.o.CachingOperationNameGenerator : Generating unique operation named: getPutAwayLineForInboundLineV2UsingGET_1
2026-07-02 16:11:36.812  INFO 19740 --- [restartedMain] .d.s.w.r.o.CachingOperationNameGenerator : Generating unique operation named: getAllUsingGET_32
2026-07-02 16:11:36.960  INFO 19740 --- [restartedMain] .d.s.w.r.o.CachingOperationNameGenerator : Generating unique operation named: getAllUsingGET_33
2026-07-02 16:11:37.060  INFO 19740 --- [restartedMain] .d.s.w.r.o.CachingOperationNameGenerator : Generating unique operation named: getAllUsingGET_34
2026-07-02 16:11:37.253  INFO 19740 --- [restartedMain] .d.s.w.r.o.CachingOperationNameGenerator : Generating unique operation named: getShipmentDeliveryReportUsingGET_1
2026-07-02 16:11:37.259  INFO 19740 --- [restartedMain] .d.s.w.r.o.CachingOperationNameGenerator : Generating unique operation named: getShipmentDeliveryReportUsingGET_2
2026-07-02 16:11:37.315  INFO 19740 --- [restartedMain] .d.s.w.r.o.CachingOperationNameGenerator : Generating unique operation named: getAllUsingGET_35
2026-07-02 16:11:37.319  INFO 19740 --- [restartedMain] .d.s.w.r.o.CachingOperationNameGenerator : Generating unique operation named: getStagingHeaderUsingGET_1
2026-07-02 16:11:37.464  INFO 19740 --- [restartedMain] .d.s.w.r.o.CachingOperationNameGenerator : Generating unique operation named: getAllUsingGET_36
2026-07-02 16:11:37.873  INFO 19740 --- [restartedMain] .d.s.w.r.o.CachingOperationNameGenerator : Generating unique operation named: postReturnPOUsingPOST_1
2026-07-02 16:11:37.919  INFO 19740 --- [restartedMain] .d.s.w.r.o.CachingOperationNameGenerator : Generating unique operation named: postReturnPOV2UsingPOST_1
2026-07-02 16:11:38.290  INFO 19740 --- [restartedMain] c.t.w.a.t.TransactionServiceApplication  : Started TransactionServiceApplication in 73.546 seconds (JVM running for 74.859)
